C51 COMPILER V9.52.0.0   DIGIT_DISPLAY                                                     12/18/2014 10:55:46 PAGE 1   


C51 COMPILER V9.52.0.0, COMPILATION OF MODULE DIGIT_DISPLAY
OBJECT MODULE PLACED IN .\output\digit_display.obj
COMPILER INVOKED BY: C:\Keil\C51\BIN\C51.EXE source\digit_display.c BROWSE INCDIR(.\include) DEBUG OBJECTEXTEND PRINT(.\
                    -listings\digit_display.lst) TABS(2) OBJECT(.\output\digit_display.obj)

line level    source

   1          #include "typedefs.h"
   2          #include "digitDisplay.h"
   3          #include "board.h"
   4          
   5          // Common Anode 7 segment
   6          UINT8 Seven_seg_map[] = {0X03, 0X9F, 0X25, 0X0D, 0X99, 0X49, 0X41, 0X1F, 0X01, 0X09};
   7          
   8          typedef struct _Display
   9          {
  10            UINT8 display_Buf[3];
  11            UINT8 Buf_index;
  12          }DISPLAY;
  13          
  14          DISPLAY dis = {0};
  15          
  16          // Initialization of Digit_Display
  17          void Digit_Display_init(void)
  18          {
  19   1        UINT8 i;
  20   1        for (i = 0; i < 3; i++)
  21   1        {
  22   2          dis.display_Buf[i] = 0X03;
  23   2        }
  24   1      }
  25          
  26          
  27          // Upadating display buffer
  28          void Digit_Display_update(UINT8 *token_array)
  29          {
  30   1        UINT8 i;
  31   1        for (i = 0; i < 3; i++)
  32   1        {
  33   2          dis.display_Buf[i] = Seven_seg_map[0x0F & token_array[i]];
  34   2        }
  35   1      }
  36          
  37          // Display Task
  38          void Digit_Display_task(void)
  39          {
  40   1        switch(dis.Buf_index)
  41   1        {
  42   2          case 0: OUTPUT_ENABLE_DIS1 = 1;
  43   2                  OUTPUT_ENABLE_DIS2 = 1;
  44   2                  OUTPUT_ENABLE_DIS3 = 1;
  45   2                  OUTPUT_SEVEN_SEGMENT = ~(dis.display_Buf[0]);
  46   2                  OUTPUT_ENABLE_DIS1 = 0;
  47   2                  break;
  48   2          case 1: OUTPUT_ENABLE_DIS1 = 1;
  49   2                  OUTPUT_ENABLE_DIS2 = 1;
  50   2                  OUTPUT_ENABLE_DIS3 = 1;
  51   2                  OUTPUT_SEVEN_SEGMENT = ~(dis.display_Buf[1]);
  52   2                  OUTPUT_ENABLE_DIS2 = 0;
  53   2                  break;
  54   2          case 2: OUTPUT_ENABLE_DIS1 = 1;
C51 COMPILER V9.52.0.0   DIGIT_DISPLAY                                                     12/18/2014 10:55:46 PAGE 2   

  55   2                  OUTPUT_ENABLE_DIS2 = 1;
  56   2                  OUTPUT_ENABLE_DIS3 = 1;
  57   2                  OUTPUT_SEVEN_SEGMENT = ~(dis.display_Buf[2]);
  58   2                  OUTPUT_ENABLE_DIS3 = 0;
  59   2                  break;    
  60   2          default: break;
  61   2        }
  62   1        dis.Buf_index++;
  63   1        
  64   1        if(dis.Buf_index > 2)
  65   1        {
  66   2          dis.Buf_index = 0;
  67   2        }
  68   1      }


MODULE INFORMATION:   STATIC OVERLAYABLE
   CODE SIZE        =    121    ----
   CONSTANT SIZE    =   ----    ----
   XDATA SIZE       =   ----    ----
   PDATA SIZE       =   ----    ----
   DATA SIZE        =     14       3
   IDATA SIZE       =   ----    ----
   BIT SIZE         =   ----    ----
END OF MODULE INFORMATION.


C51 COMPILATION COMPLETE.  0 WARNING(S),  0 ERROR(S)
